[debug] [2026-05-17T19:23:41.864Z] ----------------------------------------------------------------------
[debug] [2026-05-17T19:23:41.865Z] Command:       c:\Soft\cursor\resources\app\resources\helpers\node.exe C:\Users\teren\AppData\Local\npm-cache\_npx\7750544ccf494d8b\node_modules\firebase-tools\lib\bin\firebase.js apps:list WEB --project marsels-project
[debug] [2026-05-17T19:23:41.865Z] CLI Version:   15.18.0
[debug] [2026-05-17T19:23:41.865Z] Platform:      win32
[debug] [2026-05-17T19:23:41.866Z] Node Version:  v22.22.0
[debug] [2026-05-17T19:23:41.866Z] Time:          Sun May 17 2026 21:23:41 GMT+0200 (Central European Summer Time)
[debug] [2026-05-17T19:23:41.866Z] ----------------------------------------------------------------------
[debug] 
[debug] [2026-05-17T19:23:41.998Z] > command requires scopes: ["email","openid","https://www.googleapis.com/auth/cloudplatformprojects.readonly","https://www.googleapis.com/auth/firebase","https://www.googleapis.com/auth/cloud-platform"]
[debug] [2026-05-17T19:23:42.230Z] Running auto auth
[debug] [2026-05-17T19:23:42.232Z] No OAuth tokens found
[debug] [2026-05-17T19:23:42.232Z] >>> [apiv2][query] GET https://firebase.googleapis.com/v1beta1/projects/marsels-project/webApps pageSize=100
[debug] [2026-05-17T19:23:42.233Z] >>> [apiv2][(partial)header] GET https://firebase.googleapis.com/v1beta1/projects/marsels-project/webApps  x-goog-user-project=marsels-project
[debug] [2026-05-17T19:23:42.597Z] <<< [apiv2][status] GET https://firebase.googleapis.com/v1beta1/projects/marsels-project/webApps 404
[debug] [2026-05-17T19:23:42.597Z] <<< [apiv2][body] GET https://firebase.googleapis.com/v1beta1/projects/marsels-project/webApps {"error":{"code":404,"message":"Firebase project 107401835210 not found.","status":"NOT_FOUND"}}
[debug] [2026-05-17T19:23:42.597Z] Request to https://firebase.googleapis.com/v1beta1/projects/marsels-project/webApps?pageSize=100 had HTTP Error: 404, Firebase project 107401835210 not found.
[debug] [2026-05-17T19:23:42.598Z] FirebaseError: Request to https://firebase.googleapis.com/v1beta1/projects/marsels-project/webApps?pageSize=100 had HTTP Error: 404, Firebase project 107401835210 not found.
    at responseToError (C:\Users\teren\AppData\Local\npm-cache\_npx\7750544ccf494d8b\node_modules\firebase-tools\lib\responseToError.js:53:12)
    at RetryOperation._fn (C:\Users\teren\AppData\Local\npm-cache\_npx\7750544ccf494d8b\node_modules\firebase-tools\lib\apiv2.js:333:77)
    at process.processTicksAndRejections (node:internal/process/task_queues:105:5)
[error] 
[error] Error: Failed to list Firebase WEB apps. See firebase-debug.log for more info.
